[2026-05-31 17:50:07 NPT] SUCCESS: Synced batch of 50 logs into multi-node telemetry grid.
[2026-05-31 21:40:18 NPT] SUCCESS: Synced batch of 50 logs into multi-node telemetry grid.
[2026-05-31 23:31:12 NPT] SUCCESS: Synced batch of 50 logs into multi-node telemetry grid.
[2026-06-01 01:38:07 NPT] SUCCESS: Synced batch of 50 logs into multi-node telemetry grid.
[2026-06-01 03:25:09 NPT] SUCCESS: Synced batch of 50 logs into multi-node telemetry grid.
[2026-06-01 05:28:29 NPT] SUCCESS: Synced batch of 50 logs into multi-node telemetry grid.
[2026-06-01 11:16:20 NPT] SUCCESS: Synced batch of 50 logs into multi-node telemetry grid.
[2026-06-01 16:27:25 NPT] SUCCESS: Synced batch of 100 logs into multi-node telemetry grid.
[2026-06-01 22:51:26 NPT] SUCCESS: Synced batch of 100 logs into multi-node telemetry grid.
[2026-06-02 02:58:57 NPT] FAILURE: Malformed JSON compilation from AI model: Unterminated string starting at: line 708 column 11 (char 46939)
[2026-06-02 05:00:04 NPT] PROCESSING: Found batch of 40 logs. Initiating AI cycle 1...
[2026-06-02 05:01:33 NPT] BATCH COMPLETE: Successfully committed cycle 1.
[2026-06-02 05:01:36 NPT] PROCESSING: Found batch of 40 logs. Initiating AI cycle 2...
[2026-06-02 05:04:03 NPT] BATCH COMPLETE: Successfully committed cycle 2.
[2026-06-02 05:04:06 NPT] PROCESSING: Found batch of 40 logs. Initiating AI cycle 3...
[2026-06-02 05:05:14 NPT] BATCH COMPLETE: Successfully committed cycle 3.
[2026-06-02 05:05:18 NPT] PROCESSING: Found batch of 40 logs. Initiating AI cycle 4...
[2026-06-02 05:07:15 NPT] BATCH COMPLETE: Successfully committed cycle 4.
[2026-06-02 05:07:18 NPT] PROCESSING: Found batch of 40 logs. Initiating AI cycle 5...
[2026-06-02 05:09:23 NPT] BATCH COMPLETE: Successfully committed cycle 5.
[2026-06-02 05:09:27 NPT] PROCESSING: Found batch of 40 logs. Initiating AI cycle 6...
[2026-06-02 05:10:56 NPT] BATCH COMPLETE: Successfully committed cycle 6.
[2026-06-02 05:10:59 NPT] PROCESSING: Found batch of 40 logs. Initiating AI cycle 7...
[2026-06-02 05:12:53 NPT] BATCH COMPLETE: Successfully committed cycle 7.
[2026-06-02 05:12:57 NPT] PROCESSING: Found batch of 40 logs. Initiating AI cycle 8...
[2026-06-02 05:14:19 NPT] BATCH COMPLETE: Successfully committed cycle 8.
[2026-06-02 05:14:22 NPT] PROCESSING: Found batch of 40 logs. Initiating AI cycle 9...
[2026-06-02 05:15:56 NPT] BATCH COMPLETE: Successfully committed cycle 9.
[2026-06-02 05:15:59 NPT] PROCESSING: Found batch of 40 logs. Initiating AI cycle 10...
[2026-06-02 05:17:44 NPT] BATCH COMPLETE: Successfully committed cycle 10.
[2026-06-02 05:17:47 NPT] PROCESSING: Found batch of 40 logs. Initiating AI cycle 11...
[2026-06-02 05:19:38 NPT] BATCH COMPLETE: Successfully committed cycle 11.
[2026-06-02 05:19:41 NPT] PROCESSING: Found batch of 40 logs. Initiating AI cycle 12...
[2026-06-02 05:21:09 NPT] BATCH COMPLETE: Successfully committed cycle 12.
[2026-06-02 05:21:12 NPT] PROCESSING: Found batch of 40 logs. Initiating AI cycle 13...
[2026-06-02 05:22:39 NPT] BATCH COMPLETE: Successfully committed cycle 13.
[2026-06-02 05:22:42 NPT] PROCESSING: Found batch of 40 logs. Initiating AI cycle 14...
[2026-06-02 05:24:05 NPT] BATCH COMPLETE: Successfully committed cycle 14.
[2026-06-02 05:24:08 NPT] PROCESSING: Found batch of 40 logs. Initiating AI cycle 15...
[2026-06-02 05:25:12 NPT] BATCH COMPLETE: Successfully committed cycle 15.
[2026-06-02 05:25:15 NPT] PROCESSING: Found batch of 40 logs. Initiating AI cycle 16...
[2026-06-02 05:26:18 NPT] BATCH COMPLETE: Successfully committed cycle 16.
[2026-06-02 05:26:21 NPT] PROCESSING: Found batch of 40 logs. Initiating AI cycle 17...
[2026-06-02 05:28:11 NPT] BATCH COMPLETE: Successfully committed cycle 17.
[2026-06-02 05:28:14 NPT] PROCESSING: Found batch of 40 logs. Initiating AI cycle 18...
[2026-06-02 05:29:07 NPT] BATCH COMPLETE: Successfully committed cycle 18.
[2026-06-02 05:29:10 NPT] PROCESSING: Found batch of 40 logs. Initiating AI cycle 19...
[2026-06-02 05:31:30 NPT] BATCH COMPLETE: Successfully committed cycle 19.
[2026-06-02 05:31:34 NPT] PROCESSING: Found batch of 40 logs. Initiating AI cycle 20...
[2026-06-02 05:33:33 NPT] BATCH COMPLETE: Successfully committed cycle 20.
[2026-06-02 05:33:36 NPT] PROCESSING: Found batch of 40 logs. Initiating AI cycle 21...
[2026-06-02 05:35:32 NPT] BATCH COMPLETE: Successfully committed cycle 21.
[2026-06-02 05:35:36 NPT] PROCESSING: Found batch of 40 logs. Initiating AI cycle 22...
[2026-06-02 05:37:43 NPT] BATCH COMPLETE: Successfully committed cycle 22.
[2026-06-02 05:37:46 NPT] PROCESSING: Found batch of 40 logs. Initiating AI cycle 23...
[2026-06-02 05:39:05 NPT] BATCH COMPLETE: Successfully committed cycle 23.
[2026-06-02 05:39:08 NPT] PROCESSING: Found batch of 40 logs. Initiating AI cycle 24...
[2026-06-02 05:40:23 NPT] BATCH COMPLETE: Successfully committed cycle 24.
[2026-06-02 05:40:26 NPT] PROCESSING: Found batch of 40 logs. Initiating AI cycle 25...
[2026-06-02 05:41:23 NPT] BATCH COMPLETE: Successfully committed cycle 25.
[2026-06-02 05:41:26 NPT] PROCESSING: Found batch of 40 logs. Initiating AI cycle 26...
[2026-06-02 05:42:28 NPT] BATCH COMPLETE: Successfully committed cycle 26.
[2026-06-02 05:42:31 NPT] PROCESSING: Found batch of 40 logs. Initiating AI cycle 27...
[2026-06-02 05:43:39 NPT] BATCH COMPLETE: Successfully committed cycle 27.
[2026-06-02 05:43:43 NPT] PROCESSING: Found batch of 40 logs. Initiating AI cycle 28...
[2026-06-02 05:45:24 NPT] BATCH COMPLETE: Successfully committed cycle 28.
[2026-06-02 05:45:28 NPT] PROCESSING: Found batch of 40 logs. Initiating AI cycle 29...
[2026-06-02 05:46:58 NPT] BATCH COMPLETE: Successfully committed cycle 29.
[2026-06-02 05:47:01 NPT] PROCESSING: Found batch of 40 logs. Initiating AI cycle 30...
[2026-06-02 05:48:51 NPT] BATCH COMPLETE: Successfully committed cycle 30.
[2026-06-02 05:48:55 NPT] PROCESSING: Found batch of 40 logs. Initiating AI cycle 31...
[2026-06-02 05:50:02 NPT] BATCH COMPLETE: Successfully committed cycle 31.
[2026-06-02 05:50:05 NPT] PROCESSING: Found batch of 40 logs. Initiating AI cycle 32...
[2026-06-02 05:51:26 NPT] BATCH COMPLETE: Successfully committed cycle 32.
[2026-06-02 05:51:29 NPT] PROCESSING: Found batch of 40 logs. Initiating AI cycle 33...
[2026-06-02 05:53:28 NPT] BATCH COMPLETE: Successfully committed cycle 33.
[2026-06-02 05:53:31 NPT] PROCESSING: Found batch of 40 logs. Initiating AI cycle 34...
[2026-06-02 05:56:05 NPT] BATCH COMPLETE: Successfully committed cycle 34.
[2026-06-02 05:56:08 NPT] PROCESSING: Found batch of 40 logs. Initiating AI cycle 35...
[2026-06-02 05:58:00 NPT] BATCH COMPLETE: Successfully committed cycle 35.
[2026-06-02 05:58:04 NPT] PROCESSING: Found batch of 40 logs. Initiating AI cycle 36...
[2026-06-02 05:59:01 NPT] BATCH COMPLETE: Successfully committed cycle 36.
[2026-06-02 05:59:04 NPT] PROCESSING: Found batch of 40 logs. Initiating AI cycle 37...
[2026-06-02 06:00:29 NPT] BATCH COMPLETE: Successfully committed cycle 37.
[2026-06-02 06:00:33 NPT] PROCESSING: Found batch of 40 logs. Initiating AI cycle 38...
[2026-06-02 06:02:02 NPT] BATCH COMPLETE: Successfully committed cycle 38.
[2026-06-02 06:02:05 NPT] PROCESSING: Found batch of 40 logs. Initiating AI cycle 39...
[2026-06-02 06:03:07 NPT] BATCH COMPLETE: Successfully committed cycle 39.
[2026-06-02 06:03:10 NPT] PROCESSING: Found batch of 40 logs. Initiating AI cycle 40...
[2026-06-02 06:04:01 NPT] BATCH COMPLETE: Successfully committed cycle 40.
[2026-06-02 06:04:05 NPT] PROCESSING: Found batch of 40 logs. Initiating AI cycle 41...
[2026-06-02 06:05:25 NPT] BATCH COMPLETE: Successfully committed cycle 41.
[2026-06-02 06:05:28 NPT] PROCESSING: Found batch of 40 logs. Initiating AI cycle 42...
[2026-06-02 06:06:16 NPT] BATCH COMPLETE: Successfully committed cycle 42.
[2026-06-02 06:06:20 NPT] PROCESSING: Found batch of 40 logs. Initiating AI cycle 43...
[2026-06-02 06:07:52 NPT] BATCH COMPLETE: Successfully committed cycle 43.
[2026-06-02 06:07:55 NPT] PROCESSING: Found batch of 40 logs. Initiating AI cycle 44...
[2026-06-02 06:09:17 NPT] BATCH COMPLETE: Successfully committed cycle 44.
[2026-06-02 06:09:20 NPT] PROCESSING: Found batch of 40 logs. Initiating AI cycle 45...
[2026-06-02 06:10:29 NPT] BATCH COMPLETE: Successfully committed cycle 45.
[2026-06-02 06:10:33 NPT] PROCESSING: Found batch of 40 logs. Initiating AI cycle 46...
[2026-06-02 06:11:29 NPT] BATCH COMPLETE: Successfully committed cycle 46.
[2026-06-02 06:11:32 NPT] PROCESSING: Found batch of 40 logs. Initiating AI cycle 47...
[2026-06-02 06:12:18 NPT] BATCH COMPLETE: Successfully committed cycle 47.
[2026-06-02 06:12:21 NPT] PROCESSING: Found batch of 40 logs. Initiating AI cycle 48...
[2026-06-02 06:13:03 NPT] BATCH COMPLETE: Successfully committed cycle 48.
[2026-06-02 06:13:06 NPT] PROCESSING: Found batch of 40 logs. Initiating AI cycle 49...
[2026-06-02 06:14:35 NPT] BATCH COMPLETE: Successfully committed cycle 49.
[2026-06-02 06:14:38 NPT] PROCESSING: Found batch of 40 logs. Initiating AI cycle 50...
[2026-06-02 06:15:57 NPT] BATCH COMPLETE: Successfully committed cycle 50.
[2026-06-02 06:16:00 NPT] PROCESSING: Found batch of 40 logs. Initiating AI cycle 51...
[2026-06-02 06:16:58 NPT] BATCH COMPLETE: Successfully committed cycle 51.
[2026-06-02 06:17:01 NPT] PROCESSING: Found batch of 40 logs. Initiating AI cycle 52...
[2026-06-02 06:18:35 NPT] BATCH COMPLETE: Successfully committed cycle 52.
[2026-06-02 06:18:38 NPT] PROCESSING: Found batch of 40 logs. Initiating AI cycle 53...
[2026-06-02 06:19:45 NPT] BATCH COMPLETE: Successfully committed cycle 53.
[2026-06-02 06:19:48 NPT] PROCESSING: Found batch of 40 logs. Initiating AI cycle 54...
[2026-06-02 06:21:14 NPT] BATCH COMPLETE: Successfully committed cycle 54.
[2026-06-02 06:21:18 NPT] PROCESSING: Found batch of 40 logs. Initiating AI cycle 55...
[2026-06-02 06:22:25 NPT] BATCH COMPLETE: Successfully committed cycle 55.
[2026-06-02 06:22:28 NPT] PROCESSING: Found batch of 40 logs. Initiating AI cycle 56...
[2026-06-02 06:23:24 NPT] BATCH COMPLETE: Successfully committed cycle 56.
[2026-06-02 06:23:27 NPT] PROCESSING: Found batch of 40 logs. Initiating AI cycle 57...
[2026-06-02 06:24:55 NPT] BATCH COMPLETE: Successfully committed cycle 57.
[2026-06-02 06:24:58 NPT] PROCESSING: Found batch of 40 logs. Initiating AI cycle 58...
[2026-06-02 06:26:33 NPT] BATCH COMPLETE: Successfully committed cycle 58.
[2026-06-02 06:26:36 NPT] PROCESSING: Found batch of 40 logs. Initiating AI cycle 59...
[2026-06-02 06:27:48 NPT] BATCH COMPLETE: Successfully committed cycle 59.
[2026-06-02 06:27:51 NPT] PROCESSING: Found batch of 40 logs. Initiating AI cycle 60...
[2026-06-02 06:29:24 NPT] BATCH COMPLETE: Successfully committed cycle 60.
[2026-06-02 06:29:27 NPT] PROCESSING: Found batch of 40 logs. Initiating AI cycle 61...
[2026-06-02 06:30:35 NPT] BATCH COMPLETE: Successfully committed cycle 61.
[2026-06-02 06:30:38 NPT] PROCESSING: Found batch of 40 logs. Initiating AI cycle 62...
[2026-06-02 06:31:43 NPT] BATCH COMPLETE: Successfully committed cycle 62.
[2026-06-02 06:31:47 NPT] PROCESSING: Found batch of 40 logs. Initiating AI cycle 63...
[2026-06-02 06:32:41 NPT] BATCH COMPLETE: Successfully committed cycle 63.
[2026-06-02 06:32:44 NPT] PROCESSING: Found batch of 40 logs. Initiating AI cycle 64...
[2026-06-02 06:34:15 NPT] BATCH COMPLETE: Successfully committed cycle 64.
[2026-06-02 06:34:18 NPT] PROCESSING: Found batch of 40 logs. Initiating AI cycle 65...
[2026-06-02 06:35:35 NPT] BATCH COMPLETE: Successfully committed cycle 65.
[2026-06-02 06:35:38 NPT] PROCESSING: Found batch of 40 logs. Initiating AI cycle 66...
[2026-06-02 06:37:17 NPT] BATCH COMPLETE: Successfully committed cycle 66.
[2026-06-02 06:37:20 NPT] PROCESSING: Found batch of 40 logs. Initiating AI cycle 67...
[2026-06-02 06:38:24 NPT] BATCH COMPLETE: Successfully committed cycle 67.
[2026-06-02 06:38:27 NPT] PROCESSING: Found batch of 40 logs. Initiating AI cycle 68...
[2026-06-02 06:39:32 NPT] BATCH COMPLETE: Successfully committed cycle 68.
[2026-06-02 06:39:35 NPT] PROCESSING: Found batch of 40 logs. Initiating AI cycle 69...
[2026-06-02 06:40:19 NPT] BATCH COMPLETE: Successfully committed cycle 69.
[2026-06-02 06:40:23 NPT] PROCESSING: Found batch of 40 logs. Initiating AI cycle 70...
[2026-06-02 06:41:30 NPT] BATCH COMPLETE: Successfully committed cycle 70.
[2026-06-02 06:41:33 NPT] PROCESSING: Found batch of 40 logs. Initiating AI cycle 71...
[2026-06-02 06:42:34 NPT] BATCH COMPLETE: Successfully committed cycle 71.
[2026-06-02 06:42:37 NPT] PROCESSING: Found batch of 40 logs. Initiating AI cycle 72...
[2026-06-02 06:43:41 NPT] BATCH COMPLETE: Successfully committed cycle 72.
[2026-06-02 06:43:44 NPT] PROCESSING: Found batch of 40 logs. Initiating AI cycle 73...
[2026-06-02 06:45:12 NPT] BATCH COMPLETE: Successfully committed cycle 73.
[2026-06-02 06:45:15 NPT] PROCESSING: Found batch of 40 logs. Initiating AI cycle 74...
[2026-06-02 06:46:11 NPT] BATCH COMPLETE: Successfully committed cycle 74.
[2026-06-02 06:46:14 NPT] PROCESSING: Found batch of 40 logs. Initiating AI cycle 75...
[2026-06-02 06:48:02 NPT] BATCH COMPLETE: Successfully committed cycle 75.
[2026-06-02 06:48:05 NPT] PROCESSING: Found batch of 40 logs. Initiating AI cycle 76...
[2026-06-02 06:49:14 NPT] BATCH COMPLETE: Successfully committed cycle 76.
[2026-06-02 06:49:18 NPT] PROCESSING: Found batch of 40 logs. Initiating AI cycle 77...
[2026-06-02 06:50:27 NPT] BATCH COMPLETE: Successfully committed cycle 77.
[2026-06-02 06:50:30 NPT] PROCESSING: Found batch of 40 logs. Initiating AI cycle 78...
[2026-06-02 06:51:42 NPT] BATCH COMPLETE: Successfully committed cycle 78.
[2026-06-02 06:51:46 NPT] PROCESSING: Found batch of 40 logs. Initiating AI cycle 79...
[2026-06-02 06:53:23 NPT] BATCH COMPLETE: Successfully committed cycle 79.
[2026-06-02 06:53:27 NPT] PROCESSING: Found batch of 40 logs. Initiating AI cycle 80...
[2026-06-02 06:54:40 NPT] BATCH COMPLETE: Successfully committed cycle 80.
[2026-06-02 06:54:43 NPT] PROCESSING: Found batch of 40 logs. Initiating AI cycle 81...
[2026-06-02 06:55:58 NPT] BATCH COMPLETE: Successfully committed cycle 81.
[2026-06-02 06:56:01 NPT] PROCESSING: Found batch of 37 logs. Initiating AI cycle 82...
[2026-06-02 06:57:17 NPT] BATCH COMPLETE: Successfully committed cycle 82.
[2026-06-02 06:57:21 NPT] SUCCESS: No further unprocessed logs found. Cleared backlog across 82 cycles.
[2026-06-02 07:46:41 NPT] PROCESSING: Found batch of 40 logs. Initiating AI cycle 1...
[2026-06-02 07:48:42 NPT] BATCH COMPLETE: Successfully committed cycle 1.
[2026-06-02 07:48:45 NPT] PROCESSING: Found batch of 40 logs. Initiating AI cycle 2...
[2026-06-02 07:50:36 NPT] BATCH COMPLETE: Successfully committed cycle 2.
[2026-06-02 07:50:39 NPT] PROCESSING: Found batch of 13 logs. Initiating AI cycle 3...
[2026-06-02 07:51:21 NPT] BATCH COMPLETE: Successfully committed cycle 3.
[2026-06-02 07:51:24 NPT] SUCCESS: No further unprocessed logs found. Cleared backlog across 3 cycles.
